id1;id2;start1;end1;start2;end2;E;bpList
b0001;ChiX_NC_000913;16;22;37;43;-2.58;(16,43):(17,42):(18,41):(19,40):(20,39):(21,38):(22,37)
b0280;ChiX_NC_000913;16;23;77;84;-0.55;(16,84):(17,83):(18,82):(19,81):(20,80):(21,79):(22,78):(23,77)
b0558;ChiX_NC_000913;121;128;46;53;-7.3;(121,53):(122,52):(123,51):(124,50):(125,49):(126,48):(127,47):(128,46)
b0753;ChiX_NC_000913;160;166;46;52;-2.47;(160,52):(161,51):(162,50):(163,49):(164,48):(165,47):(166,46)
b0373;ChiX_NC_000913;252;259;39;46;-3.86;(252,46):(253,45):(254,44):(255,43):(256,42):(257,41):(258,40):(259,39)
b0845;ChiX_NC_000913;267;282;51;68;-4.55;(267,68):(268,67):(269,66):(270,65):(273,60):(274,59):(275,58):(276,57):(277,56):(278,55):(279,54):(280,53):(281,52):(282,51)
b0094;ChiX_NC_000913;156;163;43;50;-6.48;(156,50):(157,49):(158,48):(159,47):(160,46):(161,45):(162,44):(163,43)
b0468;ChiX_NC_000913;25;37;47;57;-4.01;(25,57):(26,56):(27,55):(28,54):(29,53):(30,52):(31,51):(32,50):(35,49):(36,48):(37,47)
b0647;ChiX_NC_000913;4;10;34;40;-2.22;(4,40):(5,39):(6,38):(7,37):(8,36):(9,35):(10,34)
b0189;ChiX_NC_000913;144;153;48;57;-5.21;(144,57):(145,56):(146,55):(147,54):(148,53):(149,52):(150,51):(151,50):(152,49):(153,48)
b1029;ChiX_NC_000913;114;120;43;49;-5.61;(114,49):(115,48):(116,47):(117,46):(118,45):(119,44):(120,43)
b1391;ChiX_NC_000913;183;194;44;55;-5.82;(183,55):(184,54):(188,50):(189,49):(190,48):(191,47):(192,46):(193,45):(194,44)
b1302;ChiX_NC_000913;175;184;47;57;-3.43;(175,57):(176,56):(177,55):(178,53):(179,52):(180,51):(181,50):(182,49):(183,48):(184,47)
b0938;ChiX_NC_000913;179;185;47;53;-5.76;(179,53):(180,52):(181,51):(182,50):(183,49):(184,48):(185,47)
b1483;ChiX_NC_000913;248;254;54;60;-4.25;(248,60):(249,59):(250,58):(251,57):(252,56):(253,55):(254,54)
b1214;ChiX_NC_000913;45;67;35;47;-4.22;(45,47):(46,46):(47,45):(48,44):(49,43):(50,42):(61,41):(62,40):(63,39):(64,38):(65,37):(66,36):(67,35)
b1573;ChiX_NC_000913;190;196;43;49;-5.64;(190,49):(191,48):(192,47):(193,46):(194,45):(195,44):(196,43)
b1846;ChiX_NC_000913;79;85;40;46;-3.43;(79,46):(80,45):(81,44):(82,43):(83,42):(84,41):(85,40)
b1757;ChiX_NC_000913;188;198;40;55;-3.96;(188,55):(189,54):(190,53):(191,47):(192,46):(193,45):(194,44):(195,43):(196,42):(197,41):(198,40)
b1942;ChiX_NC_000913;246;252;46;52;-6.27;(246,52):(247,51):(248,50):(249,49):(250,48):(251,47):(252,46)
b1663;ChiX_NC_000913;110;125;40;53;-3.76;(110,53):(111,52):(112,51):(114,50):(115,49):(116,48):(119,46):(120,45):(121,44):(122,43):(123,42):(124,41):(125,40)
b2129;ChiX_NC_000913;272;287;40;54;-5.45;(272,54):(273,53):(274,52):(275,51):(276,50):(279,48):(280,47):(281,46):(282,45):(283,44):(284,43):(285,42):(286,41):(287,40)
b2037;ChiX_NC_000913;24;31;63;70;-4.63;(24,70):(25,69):(26,68):(27,67):(28,66):(29,65):(30,64):(31,63)
b2221;ChiX_NC_000913;187;195;43;51;-3.01;(187,51):(188,50):(189,49):(190,48):(191,47):(192,46):(193,45):(194,44):(195,43)
b2410;ChiX_NC_000913;279;292;38;50;-5.02;(279,50):(280,49):(281,48):(282,47):(283,46):(285,45):(286,44):(287,43):(288,42):(289,41):(290,40):(291,39):(292,38)
b2794;ChiX_NC_000913;166;172;64;70;-2.26;(166,70):(167,69):(168,68):(169,67):(170,66):(171,65):(172,64)
b2312;ChiX_NC_000913;139;145;50;56;-2.8;(139,56):(140,55):(141,54):(142,53):(143,52):(144,51):(145,50)
b2593;ChiX_NC_000913;170;176;48;54;-5.18;(170,54):(171,53):(172,52):(173,51):(174,50):(175,49):(176,48)
b2892;ChiX_NC_000913;41;47;65;71;-0.16;(41,71):(42,70):(43,69):(44,68):(45,67):(46,66):(47,65)
b2702;ChiX_NC_000913;257;269;41;53;-8.72;(257,53):(258,52):(259,51):(260,50):(261,49):(262,48):(263,47):(264,46):(266,44):(267,43):(268,42):(269,41)
b2499;ChiX_NC_000913;157;169;34;46;-6.72;(157,46):(158,45):(159,44):(160,43):(161,42):(162,41):(163,40):(164,39):(165,38):(166,37):(167,36):(168,35):(169,34)
b2986;ChiX_NC_000913;186;248;3;54;-5.73;(186,54):(187,53):(188,52):(189,51):(190,50):(191,49):(192,48):(198,42):(199,41):(200,40):(201,39):(202,38):(211,29):(212,28):(222,27):(223,26):(224,25):(227,24):(228,23):(229,22):(230,21):(231,20):(232,19):(233,18):(234,17):(235,16):(236,15):(240,11):(241,10):(242,9):(243,8):(244,7):(245,6):(246,5):(247,4):(248,3)
b3179;ChiX_NC_000913;284;290;46;52;-4.38;(284,52):(285,51):(286,50):(287,49):(288,48):(289,47):(290,46)
b3271;ChiX_NC_000913;203;215;39;49;-1.92;(203,49):(204,48):(205,47):(209,45):(210,44):(211,43):(212,42):(213,41):(214,40):(215,39)
b3082;ChiX_NC_000913;184;197;44;56;-8.3;(184,56):(185,55):(186,54):(188,53):(190,51):(191,50):(192,49):(193,48):(194,47):(195,46):(196,45):(197,44)
b3369;ChiX_NC_000913;187;216;28;53;-1.29;(187,53):(188,52):(190,50):(191,49):(192,47):(193,46):(194,45):(195,44):(196,43):(201,39):(202,38):(210,34):(211,33):(212,32):(213,31):(214,30):(215,29):(216,28)
b3637;ChiX_NC_000913;35;41;63;69;-1.66;(35,69):(36,68):(37,67):(38,66):(39,65):(40,64):(41,63)
b4308;ChiX_NC_000913;94;127;48;79;-7.52;(94,79):(95,78):(96,77):(97,76):(98,75):(99,74):(100,73):(101,72):(107,71):(108,70):(109,69):(110,68):(111,67):(112,66):(113,65):(116,59):(117,58):(120,55):(121,54):(124,51):(125,50):(126,49):(127,48)
b3555;ChiX_NC_000913;189;198;40;49;-7.48;(189,49):(190,48):(191,47):(192,46):(193,45):(194,44):(195,43):(196,42):(197,41):(198,40)
b3726;ChiX_NC_000913;187;193;45;51;-2.9;(187,51):(188,50):(189,49):(190,48):(191,47):(192,46):(193,45)
b4125;ChiX_NC_000913;160;166;48;54;-2.43;(160,54):(161,53):(162,52):(163,51):(164,50):(165,49):(166,48)
b4035;ChiX_NC_000913;186;202;38;53;-4.55;(186,53):(187,52):(188,51):(189,50):(190,49):(191,48):(192,47):(194,46):(195,45):(196,44):(200,40):(201,39):(202,38)
b3931;ChiX_NC_000913;163;172;48;57;-5.3;(163,57):(164,56):(166,54):(167,53):(168,52):(169,51):(170,50):(171,49):(172,48)
b3464;ChiX_NC_000913;180;190;43;53;-6.48;(180,53):(181,52):(182,51):(184,49):(185,48):(186,47):(187,46):(188,45):(189,44):(190,43)
b4216;ChiX_NC_000913;68;75;34;41;-2.95;(68,41):(69,40):(70,39):(71,38):(72,37):(73,36):(74,35):(75,34)
b4403;ChiX_NC_000913;16;38;33;53;-5.9;(16,53):(17,52):(18,51):(19,50):(20,48):(21,47):(22,46):(23,45):(27,44):(28,43):(31,40):(32,39):(33,38):(34,37):(35,36):(36,35):(37,34):(38,33)
b3831;ChiX_NC_000913;184;196;42;54;-6.6;(184,54):(185,53):(186,52):(188,50):(189,49):(190,48):(191,47):(192,46):(193,45):(194,44):(195,43):(196,42)
